[1m[92m    Updating[0m crates.io index
[1m[92m     Locking[0m 65 packages to latest compatible versions
[1m[92m      Adding[0m approx v0.5.1
[1m[92m      Adding[0m atomic-waker v1.1.2
[1m[92m      Adding[0m autocfg v1.5.1
[1m[92m    Updating[0m base64 v0.21.7 -> v0.22.1
[1m[92m      Adding[0m cfg_aliases v0.2.2
[1m[92m      Adding[0m chacha20 v0.10.1
[1m[92m      Adding[0m cpufeatures v0.3.0
[1m[92m      Adding[0m crossbeam-utils v0.8.22
[1m[92m      Adding[0m dashmap v6.2.1
[1m[92m      Adding[0m data-encoding v2.11.0
[1m[92m      Adding[0m futures-macro v0.3.33
[1m[92m      Adding[0m getrandom v0.2.17
[1m[92m      Adding[0m getrandom v0.3.4
[1m[92m      Adding[0m hashbrown v0.14.5
[1m[92m    Updating[0m http v0.2.12 -> v1.5.0
[1m[92m    Updating[0m http-body v0.4.6 -> v1.1.0
[1m[92m      Adding[0m http-body-util v0.1.4
[1m[92m    Updating[0m hyper v0.14.32 -> v1.11.0
[1m[92m      Adding[0m hyper-rustls v0.27.9
[1m[92m      Adding[0m hyper-util v0.1.20
[1m[92m      Adding[0m lock_api v0.4.14
[1m[92m      Adding[0m lru-slab v0.1.2
[1m[92m      Adding[0m num-traits v0.2.19
[1m[92m      Adding[0m parking_lot_core v0.9.12
[1m[92m      Adding[0m ppv-lite86 v0.2.21
[1m[92m      Adding[0m quinn v0.11.11
[1m[92m      Adding[0m quinn-proto v0.11.16
[1m[92m      Adding[0m quinn-udp v0.5.15
[1m[92m      Adding[0m r-efi v5.3.0
[1m[92m      Adding[0m rand v0.9.5
[1m[92m      Adding[0m rand v0.10.2
[1m[92m      Adding[0m rand_chacha v0.9.0
[1m[92m      Adding[0m rand_core v0.9.5
[1m[92m      Adding[0m rand_core v0.10.1
[1m[92m      Adding[0m rand_pcg v0.10.2
[1m[92m      Adding[0m redox_syscall v0.5.18
[1m[92m    Updating[0m reqwest v0.11.27 -> v0.12.28 [1m[33m(available: v0.13.4)[0m
[1m[92m      Adding[0m ring v0.17.14
[1m[92m      Adding[0m rustc-hash v2.1.3
[1m[92m      Adding[0m rustls v0.23.43
[1m[92m      Adding[0m rustls-pki-types v1.15.1
[1m[92m      Adding[0m rustls-webpki v0.103.13
[1m[92m      Adding[0m scopeguard v1.2.0
[1m[92m      Adding[0m sha1 v0.10.7
[1m[92m      Adding[0m signal-hook-registry v1.4.8
[1m[92m    Updating[0m sync_wrapper v0.1.2 -> v1.0.2
[1m[92m      Adding[0m tinyvec v1.12.0
[1m[92m      Adding[0m tinyvec_macros v0.1.1
[1m[92m      Adding[0m tokio-macros v2.7.2
[1m[92m      Adding[0m tokio-rustls v0.26.4
[1m[92m      Adding[0m tokio-tungstenite v0.28.0 [1m[33m(available: v0.30.0)[0m
[1m[92m      Adding[0m tower v0.5.3
[1m[92m      Adding[0m tower-http v0.6.11
[1m[92m      Adding[0m tower-layer v0.3.3
[1m[92m      Adding[0m tungstenite v0.28.0
[1m[92m      Adding[0m untrusted v0.9.0
[1m[92m      Adding[0m utf-8 v0.7.6
[1m[92m      Adding[0m wasip2 v1.0.4+wasi-0.2.12
[1m[92m      Adding[0m web-time v1.1.0
[1m[92m      Adding[0m webpki-roots v0.26.11
[1m[92m      Adding[0m webpki-roots v1.0.9
[1m[92m      Adding[0m wit-bindgen v0.57.1
[1m[92m      Adding[0m zerocopy v0.8.55
[1m[92m      Adding[0m zerocopy-derive v0.8.55
[1m[92m      Adding[0m zeroize v1.9.0
[1m[92m Downloading[0m crates ...
[1m[92m  Downloaded[0m approx v0.5.1
[1m[92m  Downloaded[0m atomic-waker v1.1.2
[1m[92m  Downloaded[0m cpufeatures v0.3.0
[1m[92m  Downloaded[0m errno v0.3.14
[1m[92m  Downloaded[0m futures-core v0.3.33
[1m[92m  Downloaded[0m autocfg v1.5.1
[1m[92m  Downloaded[0m cfg-if v1.0.4
[1m[92m  Downloaded[0m cfg_aliases v0.2.2
[1m[92m  Downloaded[0m form_urlencoded v1.2.2
[1m[92m  Downloaded[0m futures-macro v0.3.33
[1m[92m  Downloaded[0m futures-sink v0.3.33
[1m[92m  Downloaded[0m futures-task v0.3.33
[1m[92m  Downloaded[0m idna_adapter v1.2.2
[1m[92m  Downloaded[0m scopeguard v1.2.0
[1m[92m  Downloaded[0m subtle v2.6.1
[1m[92m  Downloaded[0m rand_pcg v0.10.2
[1m[92m  Downloaded[0m http-body v1.1.0
[1m[92m  Downloaded[0m potential_utf v0.1.5
[1m[92m  Downloaded[0m sha1 v0.10.7
[1m[92m  Downloaded[0m tinyvec_macros v0.1.1
[1m[92m  Downloaded[0m block-buffer v0.10.4
[1m[92m  Downloaded[0m stable_deref_trait v1.2.1
[1m[92m  Downloaded[0m sync_wrapper v1.0.2
[1m[92m  Downloaded[0m syn v3.0.3
[1m[92m  Downloaded[0m anyhow v1.0.104
[1m[92m  Downloaded[0m cpufeatures v0.2.17
[1m[92m  Downloaded[0m dashmap v6.2.1
[1m[92m  Downloaded[0m data-encoding v2.11.0
[1m[92m  Downloaded[0m displaydoc v0.2.6
[1m[92m  Downloaded[0m find-msvc-tools v0.1.9
[1m[92m  Downloaded[0m generic-array v0.14.7
[1m[92m  Downloaded[0m itoa v1.0.18
[1m[92m  Downloaded[0m serde_urlencoded v0.7.1
[1m[92m  Downloaded[0m digest v0.10.7
[1m[92m  Downloaded[0m http-body-util v0.1.4
[1m[92m  Downloaded[0m hyper-rustls v0.27.9
[1m[92m  Downloaded[0m lock_api v0.4.14
[1m[92m  Downloaded[0m lru-slab v0.1.2
[1m[92m  Downloaded[0m pin-project-lite v0.2.17
[1m[92m  Downloaded[0m ppv-lite86 v0.2.21
[1m[92m  Downloaded[0m quinn-udp v0.5.15
[1m[92m  Downloaded[0m rand_chacha v0.9.0
[1m[92m  Downloaded[0m rand_core v0.9.5
[1m[92m  Downloaded[0m rand_core v0.10.1
[1m[92m  Downloaded[0m rustc-hash v2.1.3
[1m[92m  Downloaded[0m shlex v2.0.1
[1m[92m  Downloaded[0m signal-hook-registry v1.4.8
[1m[92m  Downloaded[0m slab v0.4.12
[1m[92m  Downloaded[0m tower-layer v0.3.3
[1m[92m  Downloaded[0m try-lock v0.2.5
[1m[92m  Downloaded[0m untrusted v0.9.0
[1m[92m  Downloaded[0m chacha20 v0.10.1
[1m[92m  Downloaded[0m crossbeam-utils v0.8.22
[1m[92m  Downloaded[0m futures-channel v0.3.33
[1m[92m  Downloaded[0m getrandom v0.2.17
[1m[92m  Downloaded[0m ipnet v2.12.0
[1m[92m  Downloaded[0m litemap v0.8.2
[1m[92m  Downloaded[0m once_cell v1.21.4
[1m[92m  Downloaded[0m parking_lot_core v0.9.12
[1m[92m  Downloaded[0m quote v1.0.47
[1m[92m  Downloaded[0m rustls-pki-types v1.15.1
[1m[92m  Downloaded[0m smallvec v1.15.2
[1m[92m  Downloaded[0m socket2 v0.6.5
[1m[92m  Downloaded[0m base64 v0.22.1
[1m[92m  Downloaded[0m bitflags v2.13.1
[1m[92m  Downloaded[0m getrandom v0.3.4
[1m[92m  Downloaded[0m getrandom v0.4.3
[1m[92m  Downloaded[0m httparse v1.10.1
[1m[92m  Downloaded[0m icu_provider v2.2.0
[1m[92m  Downloaded[0m log v0.4.33
[1m[92m  Downloaded[0m num-traits v0.2.19
[1m[92m  Downloaded[0m proc-macro2 v1.0.107
[1m[92m  Downloaded[0m ryu v1.0.23
[1m[92m  Downloaded[0m serde_core v1.0.229
[1m[92m  Downloaded[0m serde_derive v1.0.229
[1m[92m  Downloaded[0m utf8_iter v1.0.4
[1m[92m  Downloaded[0m zerofrom v0.1.8
[1m[92m  Downloaded[0m bytes v1.12.1
[1m[92m  Downloaded[0m icu_collections v2.2.0
[1m[92m  Downloaded[0m icu_locale_core v2.2.0
[1m[92m  Downloaded[0m icu_normalizer v2.2.0
[1m[92m  Downloaded[0m icu_normalizer_data v2.2.0
[1m[92m  Downloaded[0m icu_properties v2.2.0
[1m[92m  Downloaded[0m rustls-webpki v0.103.13
[1m[92m  Downloaded[0m serde v1.0.229
[1m[92m  Downloaded[0m tower-service v0.3.3
[1m[92m  Downloaded[0m yoke-derive v0.8.2
[1m[92m  Downloaded[0m cc v1.4.0
[1m[92m  Downloaded[0m hyper-util v0.1.20
[1m[92m  Downloaded[0m memchr v2.8.3
[1m[92m  Downloaded[0m mio v1.2.2
[1m[92m  Downloaded[0m rand v0.9.5
[1m[92m  Downloaded[0m rand v0.10.2
[1m[92m  Downloaded[0m tokio-macros v2.7.2
[1m[92m  Downloaded[0m utf-8 v0.7.6
[1m[92m  Downloaded[0m want v0.3.1
[1m[92m  Downloaded[0m zerofrom-derive v0.1.7
[1m[92m  Downloaded[0m http v1.5.0
[1m[92m  Downloaded[0m reqwest v0.12.28
[1m[92m  Downloaded[0m serde_json v1.0.151
[1m[92m  Downloaded[0m futures-util v0.3.33
[1m[92m  Downloaded[0m hyper v1.11.0
[1m[92m  Downloaded[0m idna v1.1.0
[1m[92m  Downloaded[0m tokio-tungstenite v0.28.0
[1m[92m  Downloaded[0m icu_properties_data v2.2.0
[1m[92m  Downloaded[0m webpki-roots v0.26.11
[1m[92m  Downloaded[0m zeroize v1.9.0
[1m[92m  Downloaded[0m quinn-proto v0.11.16
[1m[92m  Downloaded[0m syn v2.0.119
[1m[92m  Downloaded[0m thiserror-impl v2.0.19
[1m[92m  Downloaded[0m version_check v0.9.5
[1m[92m  Downloaded[0m zerovec-derive v0.11.3
[1m[92m  Downloaded[0m synstructure v0.13.2
[1m[92m  Downloaded[0m rustls v0.23.43
[1m[92m  Downloaded[0m thiserror v2.0.19
[1m[92m  Downloaded[0m tinystr v0.8.3
[1m[92m  Downloaded[0m writeable v0.6.3
[1m[92m  Downloaded[0m tokio-rustls v0.26.4
[1m[92m  Downloaded[0m zmij v1.0.23
[1m[92m  Downloaded[0m libc v0.2.189
[1m[92m  Downloaded[0m yoke v0.8.3
[1m[92m  Downloaded[0m tower-http v0.6.11
[1m[92m  Downloaded[0m unicode-ident v1.0.24
[1m[92m  Downloaded[0m tinyvec v1.12.0
[1m[92m  Downloaded[0m tungstenite v0.28.0
[1m[92m  Downloaded[0m tracing-core v0.1.36
[1m[92m  Downloaded[0m url v2.5.8
[1m[92m  Downloaded[0m zerotrie v0.2.4
[1m[92m  Downloaded[0m ring v0.17.14
[1m[92m  Downloaded[0m typenum v1.20.1
[1m[92m  Downloaded[0m tower v0.5.3
[1m[92m  Downloaded[0m quinn v0.11.11
[1m[92m  Downloaded[0m crypto-common v0.1.7
[1m[92m  Downloaded[0m zerovec v0.11.6
[1m[92m  Downloaded[0m webpki-roots v1.0.9
[1m[92m  Downloaded[0m zerocopy v0.8.55
[1m[92m  Downloaded[0m hashbrown v0.14.5
[1m[92m  Downloaded[0m tracing v0.1.44
[1m[92m  Downloaded[0m tokio v1.53.1
[1m[92m  Downloaded[0m percent-encoding v2.3.2
[1m[92m  Downloaded[0m dotenvy v0.15.7
[1m[92m   Compiling[0m proc-macro2 v1.0.107
[1m[92m   Compiling[0m quote v1.0.47
[1m[92m   Compiling[0m unicode-ident v1.0.24
[1m[92m   Compiling[0m libc v0.2.189
[1m[92m    Checking[0m cfg-if v1.0.4
[1m[92m    Checking[0m stable_deref_trait v1.2.1
[1m[92m    Checking[0m bytes v1.12.1
[1m[92m   Compiling[0m shlex v2.0.1
[1m[92m    Checking[0m pin-project-lite v0.2.17
[1m[92m    Checking[0m itoa v1.0.18
[1m[92m   Compiling[0m find-msvc-tools v0.1.9
[1m[92m   Compiling[0m cc v1.4.0
[1m[92m    Checking[0m smallvec v1.15.2
[1m[92m    Checking[0m futures-core v0.3.33
[1m[92m   Compiling[0m ring v0.17.14
[1m[92m    Checking[0m zeroize v1.9.0
[1m[92m    Checking[0m once_cell v1.21.4
[1m[92m    Checking[0m rustls-pki-types v1.15.1
[1m[92m    Checking[0m http v1.5.0
[1m[92m   Compiling[0m syn v2.0.119
[1m[92m   Compiling[0m syn v3.0.3
[1m[92m    Checking[0m errno v0.3.14
[1m[92m    Checking[0m signal-hook-registry v1.4.8
[1m[92m    Checking[0m socket2 v0.6.5
[1m[92m    Checking[0m mio v1.2.2
[1m[92m   Compiling[0m version_check v0.9.5
[1m[92m    Checking[0m litemap v0.8.2
[1m[92m    Checking[0m writeable v0.6.3
[1m[92m   Compiling[0m generic-array v0.14.7
[1m[92m    Checking[0m getrandom v0.2.17
[1m[92m   Compiling[0m httparse v1.10.1
[1m[92m   Compiling[0m icu_normalizer_data v2.2.0
[1m[92m   Compiling[0m icu_properties_data v2.2.0
[1m[92m    Checking[0m utf8_iter v1.0.4
[1m[92m    Checking[0m untrusted v0.9.0
[1m[92m   Compiling[0m zerocopy v0.8.55
[1m[92m    Checking[0m slab v0.4.12
[1m[92m    Checking[0m percent-encoding v2.3.2
[1m[92m    Checking[0m futures-task v0.3.33
[1m[92m    Checking[0m typenum v1.20.1
[1m[92m   Compiling[0m synstructure v0.13.2
[1m[92m    Checking[0m futures-sink v0.3.33
[1m[92m   Compiling[0m rustls v0.23.43
[1m[92m   Compiling[0m tokio-macros v2.7.2
[1m[92m   Compiling[0m getrandom v0.3.4
[1m[92m    Checking[0m rustls-webpki v0.103.13
[1m[92m    Checking[0m tokio v1.53.1
[1m[92m    Checking[0m http-body v1.1.0
[1m[92m    Checking[0m subtle v2.6.1
[1m[92m   Compiling[0m serde_core v1.0.229
[1m[92m   Compiling[0m zerofrom-derive v0.1.7
[1m[92m   Compiling[0m yoke-derive v0.8.2
[1m[92m   Compiling[0m zerovec-derive v0.11.3
[1m[92m    Checking[0m zerofrom v0.1.8
[1m[92m    Checking[0m yoke v0.8.3
[1m[92m   Compiling[0m displaydoc v0.2.6
[1m[92m    Checking[0m zerotrie v0.2.4
[1m[92m    Checking[0m zerovec v0.11.6
[1m[92m   Compiling[0m futures-macro v0.3.33
[1m[92m    Checking[0m tinystr v0.8.3
[1m[92m    Checking[0m icu_locale_core v2.2.0
[1m[92m    Checking[0m potential_utf v0.1.5
[1m[92m    Checking[0m icu_collections v2.2.0
[1m[92m    Checking[0m futures-util v0.3.33
[1m[92m    Checking[0m icu_provider v2.2.0
[1m[92m    Checking[0m try-lock v0.2.5
[1m[92m    Checking[0m tower-service v0.3.3
[1m[92m    Checking[0m want v0.3.1
[1m[92m    Checking[0m icu_properties v2.2.0
[1m[92m    Checking[0m icu_normalizer v2.2.0
[1m[92m    Checking[0m rand_core v0.9.5
[1m[92m    Checking[0m idna_adapter v1.2.2
[1m[92m    Checking[0m block-buffer v0.10.4
[1m[92m    Checking[0m crypto-common v0.1.7
[1m[92m    Checking[0m form_urlencoded v1.2.2
[1m[92m    Checking[0m webpki-roots v1.0.9
[1m[92m    Checking[0m tracing-core v0.1.36
[1m[92m    Checking[0m futures-channel v0.3.33
[1m[92m   Compiling[0m serde v1.0.229
[1m[92m   Compiling[0m zmij v1.0.23
[1m[92m   Compiling[0m thiserror v2.0.19
[1m[92m    Checking[0m atomic-waker v1.1.2
[1m[92m    Checking[0m hyper v1.11.0
[1m[92m    Checking[0m tracing v0.1.44
[1m[92m    Checking[0m digest v0.10.7
[1m[92m    Checking[0m idna v1.1.0
[1m[92m    Checking[0m tokio-rustls v0.26.4
[1m[92m    Checking[0m ppv-lite86 v0.2.21
[1m[92m   Compiling[0m thiserror-impl v2.0.19
[1m[92m   Compiling[0m serde_derive v1.0.229
[1m[92m    Checking[0m sync_wrapper v1.0.2
[1m[92m   Compiling[0m parking_lot_core v0.9.12
[1m[92m   Compiling[0m crossbeam-utils v0.8.22
[1m[92m    Checking[0m log v0.4.33
[1m[92m    Checking[0m rand_chacha v0.9.0
[1m[92m    Checking[0m cpufeatures v0.2.17
[1m[92m    Checking[0m tower-layer v0.3.3
[1m[92m   Compiling[0m serde_json v1.0.151
[1m[92m    Checking[0m ipnet v2.12.0
[1m[92m    Checking[0m base64 v0.22.1
[1m[92m    Checking[0m tower v0.5.3
[1m[92m    Checking[0m hyper-util v0.1.20
[1m[92m    Checking[0m rand v0.9.5
[1m[92m    Checking[0m sha1 v0.10.7
[1m[92m    Checking[0m url v2.5.8
[1m[92m    Checking[0m ryu v1.0.23
[1m[92m    Checking[0m bitflags v2.13.1
[1m[92m   Compiling[0m anyhow v1.0.104
[1m[92m    Checking[0m data-encoding v2.11.0
[1m[92m    Checking[0m memchr v2.8.3
[1m[92m    Checking[0m utf-8 v0.7.6
[1m[92m    Checking[0m scopeguard v1.2.0
[1m[92m   Compiling[0m autocfg v1.5.1
[1m[92m    Checking[0m tungstenite v0.28.0
[1m[92m   Compiling[0m num-traits v0.2.19
[1m[92m    Checking[0m lock_api v0.4.14
[1m[92m    Checking[0m tower-http v0.6.11
[1m[92m    Checking[0m hyper-rustls v0.27.9
[1m[92m    Checking[0m webpki-roots v0.26.11
[1m[92m    Checking[0m http-body-util v0.1.4
[1m[92m    Checking[0m hashbrown v0.14.5
[1m[92m    Checking[0m tokio-tungstenite v0.28.0
[1m[92m    Checking[0m dotenvy v0.15.7
[1m[92m    Checking[0m dashmap v6.2.1
[1m[92m    Checking[0m serde_urlencoded v0.7.1
[1m[92m    Checking[0m reqwest v0.12.28
[1m[92m    Checking[0m approx v0.5.1
[1m[92m    Checking[0m quant_bot v0.2.0 (/home/runner/work/quant-simulator/quant-simulator)
[1m[91merror[0m[1m: you should consider adding a `Default` implementation for `Universe`[0m
  [1m[94m--> [0msrc/market.rs:30:5
   [1m[94m|[0m
[1m[94m30[0m [1m[94m|[0m [1m[91m/[0m     pub fn new() -> Self {
[1m[94m31[0m [1m[94m|[0m [1m[91m|[0m         Self {
[1m[94m32[0m [1m[94m|[0m [1m[91m|[0m             symbols: Arc::new(DashMap::new()),
[1m[94m33[0m [1m[94m|[0m [1m[91m|[0m         }
[1m[94m34[0m [1m[94m|[0m [1m[91m|[0m     }
   [1m[94m|[0m [1m[91m|_____^[0m
   [1m[94m|[0m
   [1m[94m= [0m[1mhelp[0m: for further information visit https://rust-lang.github.io/rust-clippy/rust-1.97.0/index.html#new_without_default
   [1m[94m= [0m[1mnote[0m: `-D clippy::new-without-default` implied by `-D warnings`
   [1m[94m= [0m[1mhelp[0m: to override `-D warnings` add `#[allow(clippy::new_without_default)]`
[1m[96mhelp[0m: try adding this
   [1m[94m|[0m
[1m[94m29[0m [92m+ impl Default for Universe {[0m
[1m[94m30[0m [92m+     fn default() -> Self {[0m
[1m[94m31[0m [92m+         Self::new()[0m
[1m[94m32[0m [92m+     }[0m
[1m[94m33[0m [92m+ }[0m
   [1m[94m|[0m

[1m[91merror[0m[1m: struct `Universe` has a public `len` method, but no `is_empty` method[0m
  [1m[94m--> [0msrc/market.rs:40:5
   [1m[94m|[0m
[1m[94m40[0m [1m[94m|[0m     pub fn len(&self) -> usize {
   [1m[94m|[0m     [1m[91m^^^^^^^^^^^^^^^^^^^^^^^^^^[0m
   [1m[94m|[0m
   [1m[94m= [0m[1mhelp[0m: for further information visit https://rust-lang.github.io/rust-clippy/rust-1.97.0/index.html#len_without_is_empty
   [1m[94m= [0m[1mnote[0m: `-D clippy::len-without-is-empty` implied by `-D warnings`
   [1m[94m= [0m[1mhelp[0m: to override `-D warnings` add `#[allow(clippy::len_without_is_empty)]`

[1m[91merror[0m: could not compile `quant_bot` (lib test) due to 2 previous errors
[1m[33mwarning[0m: build failed, waiting for other jobs to finish...
[1m[91merror[0m: could not compile `quant_bot` (lib) due to 2 previous errors
